# name: test_with_real_analysis
  '
  SELECT public.patients.subject_id AS patients_subject_id_a9fb9667 
  FROM public.patients
  '
---
# name: test_with_real_analysis.1
  <class 'dict'> {
  }
---
